// Jest Snapshot v1, https://goo.gl/fbAQLP

exports[`描画されてすぐはOFFと表示 1`] = `
<div>
  <button>
    OFF
  </button>
</div>
`;
